// Jest Snapshot v1, https://goo.gl/fbAQLP

exports[`renders the component correctly 1`] = `
<DocumentFragment>
  <div
    class="footer"
  >
    <div
      class="map"
    >
      <div
        class="links"
      >
        <div
          class="link"
        >
          <a
            href="/history"
          >
            History
          </a>
        </div>
        <div
          class="link"
        >
          <a
            href="/tunnellers"
          >
            Tunnellers
          </a>
        </div>
        <div
          class="link"
        >
          <a
            href="/about-us"
          >
            About Us
          </a>
        </div>
      </div>
      <button
        aria-label="Go back to the top of the page"
        class="scroll-top"
        type="button"
      >
        â†‘
      </button>
    </div>
    <div
      class="support"
    >
      <div>
        <a
          aria-label="Go to The Artois University website"
          href="https://www.univ-artois.fr/artois-university"
        >
          <img
            alt="Artois University homepage"
            src="/images/support/logo-univ-artois-blanc_0.png"
          />
        </a>
      </div>
      <div>
        <a
          aria-label="Go to The Institute for Strategic Research website"
          href="https://www.irsem.fr/en/"
        >
          <img
            alt="Institute for Strategic Research homepage"
            src="/images/support/irsem-white.png"
          />
        </a>
      </div>
    </div>
  </div>
</DocumentFragment>
`;
