// Jest Snapshot v1, https://goo.gl/fbAQLP

exports[`renders profile when data is available 1`] = `
<DocumentFragment>
  <div
    class="menu "
    data-testid="menu"
  >
    <a
      aria-label="Go to the Homepage"
      class="logo"
      href="/"
    >
      <img
        alt=""
        src="/nzt_logo.png"
      />
    </a>
    <div
      class="search-form"
    >
      <form>
        <input
          id="search"
          name="search"
          placeholder="Search for a Tunneller"
          type="text"
        />
      </form>
      <button
        aria-label="Search"
        class="search-form-button"
        type="submit"
      >
        <img
          alt=""
          height="18"
          src="/searching_hover.png"
        />
      </button>
    </div>
  </div>
  <div
    class="container"
  >
    <div
      class="header"
    >
      <div
        class="main-title"
      >
        <h1>
          <span
            class="title-line-1"
          >
            My Awesome
          </span>
          <span
            class="title-line-2"
          >
            Article Title
          </span>
        </h1>
      </div>
    </div>
    <div
      class="image-container"
    >
      <img
        alt="Accessible alt text"
        class="image"
        src="/images/about-us/img-123.png"
      />
    </div>
    <div>
      <div
        class="paragraph"
      >
        <h2>
          Section Title
        </h2>
        <p>
          <span>
            Lorem ipsum dolor sit amet, consectetur adipiscing elit,sed do eiusmod tempor incididunt ut labore et dolore magna aliqua. Ut enim ad minim veniam, quis nostrud exercitation ullamco laboris nisi ut aliquip ex ea 
          </span>
          <em>
            commodo consequat
          </em>
          <span />
          <span>
            . Duis aute irure dolor in reprehenderit in voluptate velit esse cillum dolore eu fugiat nulla pariatur. Excepteur sint occaecat cupidatat non proident, sunt in culpa qui officia deserunt mollit anim id est laborum.
          </span>
        </p>
        <p>
          <span>
            Lorem ipsum dolor sit amet, consectetur adipiscing elit,sed do eiusmod tempor incididunt ut labore et dolore magna aliqua. Ut enim ad minim veniam, quis nostrud exercitation ullamco laboris nisi ut aliquip ex ea commodo consequat
          </span>
          <span />
          <a
            href="#footnote_1"
            id="reference_1"
          >
            [1]
          </a>
          <span>
            . Duis aute irure dolor in reprehenderit in voluptate velit esse cillum dolore eu fugiat nulla pariatur.
          </span>
        </p>
        <p>
          <span>
            (6 July 2023)
          </span>
        </p>
      </div>
    </div>
    <div>
      <div
        class="paragraph"
      >
        <h2>
          Section Title
        </h2>
        <p>
          <span>
            Lorem ipsum dolor sit amet, consectetur adipiscing elit,sed do eiusmod tempor 
          </span>
          <span />
          <a
            href="http://www.loremipsum.com"
          >
            incididunt
          </a>
          <span>
             ut labore et dolore magna aliqua. Ut enim ad minim veniam, quis nostrud exercitation ullamco laboris nisi ut aliquip ex ea 
          </span>
          <em>
            commodo consequat
          </em>
          <span />
          <span>
            . Duis aute irure dolor in reprehenderit in voluptate velit esse cillum dolore eu fugiat nulla pariatur. Excepteur sint occaecat cupidatat non proident, sunt in culpa qui officia deserunt mollit anim id est laborum.
          </span>
        </p>
        <p>
          <span>
            Lorem ipsum dolor sit amet, consectetur adipiscing elit,sed do eiusmod tempor incididunt ut labore et dolore magna aliqua. Ut enim ad minim veniam, quis nostrud exercitation ullamco laboris nisi ut aliquip ex ea commodo consequat
          </span>
          <span />
          <a
            href="#footnote_1"
            id="reference_1"
          >
            [1]
          </a>
          <span>
            . Duis aute irure dolor in reprehenderit in voluptate velit esse cillum dolore eu fugiat nulla pariatur.
          </span>
        </p>
        <p>
          <span>
            (6 July 2023)
          </span>
        </p>
      </div>
    </div>
  </div>
  <div
    class="footer"
  >
    <div
      class="map"
    >
      <div
        class="links"
      >
        <div
          class="map-link"
        >
          <a
            href="/#history"
          >
            History
          </a>
        </div>
        <div
          class="map-link"
        >
          <a
            href="/tunnellers"
          >
            Tunnellers
          </a>
        </div>
        <div
          class="map-link"
        >
          <a
            href="/about-us"
          >
            About Us
          </a>
        </div>
      </div>
      <button
        aria-label="Go back to the top of the page"
        class="scroll-top"
        type="button"
      >
        ↑
      </button>
    </div>
    <div
      class="support"
    >
      <div>
        <a
          aria-label="Go to The Artois University website"
          href="https://www.univ-artois.fr/artois-university"
        >
          <img
            alt="Artois University homepage"
            src="/images/support/logo-univ-artois-blanc_0.png"
          />
        </a>
      </div>
      <div>
        <a
          aria-label="Go to The Institute for Strategic Research website"
          href="https://www.irsem.fr/en/"
        >
          <img
            alt="Institute for Strategic Research homepage"
            src="/images/support/irsem-white.png"
          />
        </a>
      </div>
    </div>
  </div>
</DocumentFragment>
`;
