// Jest Snapshot v1, https://goo.gl/fbAQLP

exports[`renders profile when data is available 1`] = `
<DocumentFragment>
  <div
    class="menu "
    data-testid="menu"
  >
    <a
      aria-label="Go to the Homepage"
      class="logo"
      href="/"
    >
      <img
        alt=""
        src="/nzt_logo.png"
      />
    </a>
    <div
      class="search-form"
    >
      <form>
        <input
          id="search"
          name="search"
          placeholder="Search for a Tunneller"
          type="text"
        />
      </form>
      <button
        class="search-form-button"
        type="submit"
      >
        <img
          alt=""
          height="18"
          src="/searching_hover.png"
        />
      </button>
    </div>
  </div>
  <div
    class="timeline"
  >
    <div
      class="header"
    >
      <div
        class="link"
      >
        <a
          href="/tunnellers"
        >
          Tunnellers
        </a>
        <span>
          /
        </span>
        <a
          href="/tunnellers/NaN"
        >
          John Doe
        </a>
      </div>
      <div
        class="main-title"
      >
        <div
          class="main-title"
        >
          <h1>
            <span
              class="title-line-1"
            >
              World War I
            </span>
            <span
              class="title-line-2"
            >
              Timeline
            </span>
          </h1>
        </div>
      </div>
    </div>
    <div
      class="events"
    >
      <div
        class="line"
      >
        <div>
          <h2
            aria-label="Year 1915"
            class="year-title"
          >
            1915
          </h2>
          <div>
            <div
              class="date"
            >
              <div
                class="year"
              >
                1915
              </div>
              <div
                class="day-month"
              >
                26 January
              </div>
            </div>
            <div
              class="event-wrapper"
            >
              <div
                class="main-event"
              >
                <p>
                  Enlisted
                </p>
                <span>
                  Main Body
                </span>
              </div>
            </div>
          </div>
          <div>
            <div
              class="date"
            >
              <div
                class="year"
              >
                1915
              </div>
              <div
                class="day-month"
              >
                14 February
              </div>
            </div>
            <div
              class="event-wrapper"
            >
              <div
                class="tunneller-event-with-title"
              >
                <p>
                  Trained
                </p>
                <span>
                  Military Camp, Somewhere
                </span>
              </div>
            </div>
          </div>
          <div>
            <div
              class="date"
            >
              <div
                class="year"
              >
                1915
              </div>
              <div
                class="day-month"
              >
                4 May
              </div>
            </div>
            <div
              class="event-wrapper"
            >
              <div
                class="main-event"
              >
                <p>
                  Major Event
                </p>
                <span>
                  Something happened
                </span>
              </div>
            </div>
          </div>
        </div>
        <div>
          <h2
            aria-label="Year 1916"
            class="year-title"
          >
            1916
          </h2>
          <div>
            <div
              class="date"
            >
              <div
                class="year"
              >
                1916
              </div>
              <div
                class="day-month"
              >
                19 November
              </div>
            </div>
            <div
              class="event-wrapper"
            >
              <div
                class="tunneller-event"
              >
                <p>
                  Something happened that day
                </p>
              </div>
            </div>
          </div>
          <div>
            <div
              class="date"
            >
              <div
                class="year"
              >
                1916
              </div>
              <div
                class="day-month"
              >
                12 December
              </div>
            </div>
            <div
              class="event-wrapper"
            >
              <div>
                <div
                  class="company-event"
                >
                  <img
                    alt=""
                    src="/images/roll/image.jpg"
                  />
                  <p>
                    Something happened that day for the Company
                  </p>
                </div>
              </div>
            </div>
          </div>
        </div>
        <div>
          <h2
            aria-label="Year 1917"
            class="year-title"
          >
            1917
          </h2>
          <div>
            <div
              class="date"
            >
              <div
                class="year"
              >
                1917
              </div>
              <div
                class="day-month"
              >
                9 April
              </div>
            </div>
            <div
              class="event-wrapper"
            >
              <div
                class="main-event"
              >
                <p>
                  Major Event
                </p>
                <span>
                  Something happened
                </span>
              </div>
              <div>
                <div
                  class="company-event"
                >
                  <img
                    alt=""
                    src="/images/roll/image.jpg"
                  />
                  <p>
                    Something happened that day for the Company
                  </p>
                </div>
              </div>
            </div>
          </div>
          <div>
            <div
              class="date"
            >
              <div
                class="year"
              >
                1917
              </div>
              <div
                class="day-month"
              >
                8 August
              </div>
            </div>
            <div
              class="event-wrapper"
            >
              <div
                class="tunneller-event"
              >
                <p>
                  Something happened that day
                </p>
              </div>
            </div>
          </div>
        </div>
        <div>
          <h2
            aria-label="Year 1918"
            class="year-title"
          >
            1918
          </h2>
          <div>
            <div
              class="date"
            >
              <div
                class="year"
              >
                1918
              </div>
              <div
                class="day-month"
              >
                3 March
              </div>
            </div>
            <div
              class="event-wrapper"
            >
              <div
                class="main-event"
              >
                <p>
                  Major Event
                </p>
                <span>
                  Something happened
                </span>
              </div>
            </div>
          </div>
          <div>
            <div
              class="date"
            >
              <div
                class="year"
              >
                1918
              </div>
              <div
                class="day-month"
              >
                13 October
              </div>
            </div>
            <div
              class="event-wrapper"
            >
              <div
                class="tunneller-event"
              >
                <p>
                  Something happened that day
                </p>
              </div>
            </div>
          </div>
        </div>
        <div>
          <h2
            aria-label="Year 1919"
            class="year-title"
          >
            1919
          </h2>
          <div>
            <div
              class="date"
            >
              <div
                class="year"
              >
                1919
              </div>
              <div
                class="day-month"
              >
                4 April
              </div>
            </div>
            <div
              class="event-wrapper"
            >
              <div
                class="main-event"
              >
                <p>
                  Major Event
                </p>
                <span>
                  Something happened
                </span>
              </div>
            </div>
          </div>
          <div>
            <div
              class="date"
            >
              <div
                class="year"
              >
                1919
              </div>
              <div
                class="day-month"
              >
                12 July
              </div>
            </div>
            <div
              class="event-wrapper"
            >
              <div
                class="tunneller-event"
              >
                <p>
                  Something happened that day
                </p>
              </div>
            </div>
          </div>
        </div>
      </div>
    </div>
  </div>
  <div
    class="howtocite"
  >
    <h3>
      How to cite this page
    </h3>
    <p>
      Anthony Byledbal, “World War I Timeline of John Doe “,
      <em>
         New Zealand Tunnellers Website
      </em>
      , 2023 (2009), Accessed: 4 May 2023. 
      <span>
        URL: www.nztunnellers.com/history/undefined.
      </span>
    </p>
  </div>
  <div
    class="footer"
  >
    <div
      class="map"
    >
      <div
        class="links"
      >
        <div
          class="map-link"
        >
          <a
            href="/#history"
          >
            History
          </a>
        </div>
        <div
          class="map-link"
        >
          <a
            href="/tunnellers"
          >
            Tunnellers
          </a>
        </div>
        <div
          class="map-link"
        >
          <a
            href="/about-us"
          >
            About Us
          </a>
        </div>
      </div>
      <button
        aria-label="Go back to the top of the page"
        class="scroll-top"
        type="button"
      >
        ↑
      </button>
    </div>
    <div
      class="support"
    >
      <div>
        <a
          aria-label="Go to The Artois University website"
          href="https://www.univ-artois.fr/artois-university"
        >
          <img
            alt="Artois University homepage"
            src="/images/support/logo-univ-artois-blanc_0.png"
          />
        </a>
      </div>
      <div>
        <a
          aria-label="Go to The Institute for Strategic Research website"
          href="https://www.irsem.fr/en/"
        >
          <img
            alt="Institute for Strategic Research homepage"
            src="/images/support/irsem-white.png"
          />
        </a>
      </div>
    </div>
  </div>
</DocumentFragment>
`;
