// Jest Snapshot v1, https://goo.gl/fbAQLP

exports[`renders the component correctly 1`] = `
<DocumentFragment>
  <div
    class="image-container"
  >
    <img
      alt="Accessible alt text"
      class="image"
      src="/images/history/img-123.png"
    />
  </div>
</DocumentFragment>
`;
