// Jest Snapshot v1, https://goo.gl/fbAQLP

exports[`renders the component correctly 1`] = `
<DocumentFragment>
  <div
    class="roll"
  >
    <div
      id="letter-D"
    >
      <div
        class="letter-container"
      >
        <h2
          aria-label="Letter D"
          class="title"
        >
          D
        </h2>
      </div>
      <div
        class="tunnellers-container"
      >
        <a
          class="tunneller-link"
          href="/tunnellers/26"
        >
          <div
            class="tunneller"
          >
            <div>
              <p
                class="forename"
              >
                John
              </p>
              <p
                class="surname"
              >
                Doe
              </p>
              <p
                class="dates"
              >
                1886 - 1952
              </p>
            </div>
            <div
              class="arrow-right"
            >
              →
            </div>
          </div>
        </a>
        <a
          class="tunneller-link"
          href="/tunnellers/1"
        >
          <div
            class="tunneller"
          >
            <div>
              <p
                class="forename"
              >
                Alexander
              </p>
              <p
                class="surname"
              >
                Driscott
              </p>
              <p
                class="dates"
              >
                1886 - 1952
              </p>
            </div>
            <div
              class="arrow-right"
            >
              →
            </div>
          </div>
        </a>
      </div>
    </div>
    <div
      id="letter-L"
    >
      <div
        class="letter-container"
      >
        <h2
          aria-label="Letter L"
          class="title"
        >
          L
        </h2>
      </div>
      <div
        class="tunnellers-container"
      >
        <a
          class="tunneller-link"
          href="/tunnellers/2"
        >
          <div
            class="tunneller"
          >
            <div>
              <p
                class="forename"
              >
                Robert
              </p>
              <p
                class="surname"
              >
                Lang
              </p>
              <p
                class="dates"
              >
                1886 - 1952
              </p>
            </div>
            <div
              class="arrow-right"
            >
              →
            </div>
          </div>
        </a>
      </div>
    </div>
    <div
      id="letter-R"
    >
      <div
        class="letter-container"
      >
        <h2
          aria-label="Letter R"
          class="title"
        >
          R
        </h2>
      </div>
      <div
        class="tunnellers-container"
      >
        <a
          class="tunneller-link"
          href="/tunnellers/3"
        >
          <div
            class="tunneller"
          >
            <div>
              <p
                class="forename"
              >
                William
              </p>
              <p
                class="surname"
              >
                Right
              </p>
              <p
                class="dates"
              >
                1886 - 1952
              </p>
            </div>
            <div
              class="arrow-right"
            >
              →
            </div>
          </div>
        </a>
      </div>
    </div>
  </div>
</DocumentFragment>
`;
