// Jest Snapshot v1, https://goo.gl/fbAQLP

exports[`HowToCite for Article renders the component correctly 1`] = `
<DocumentFragment>
  <div>
    <div
      class="paragraph"
    >
      <h2>
        Section Title
      </h2>
      <p>
        <span>
          Lorem ipsum dolor sit amet, consectetur adipiscing elit,sed do eiusmod tempor incididunt ut labore et dolore magna aliqua. Ut enim ad minim veniam, quis nostrud exercitation ullamco laboris nisi ut aliquip ex ea 
        </span>
        <em>
          commodo consequat
        </em>
        <span />
        <span>
          . Duis aute irure dolor in reprehenderit in voluptate velit esse cillum dolore eu fugiat nulla pariatur. Excepteur sint occaecat cupidatat non proident, sunt in culpa qui officia deserunt mollit anim id est laborum.
        </span>
      </p>
      <p>
        <span>
          Lorem ipsum dolor sit amet, consectetur adipiscing elit,sed do eiusmod tempor incididunt ut labore et dolore magna aliqua. Ut enim ad minim veniam, quis nostrud exercitation ullamco laboris nisi ut aliquip ex ea commodo consequat
        </span>
        <span />
        <a
          href="#footnote_1"
          id="reference_1"
        >
          [1]
        </a>
        <span>
          . Duis aute irure dolor in reprehenderit in voluptate velit esse cillum dolore eu fugiat nulla pariatur.
        </span>
      </p>
      <p>
        <span>
          (6Â July 2023)
        </span>
      </p>
    </div>
    <div
      class="image-container"
    >
      <img
        alt="Accessible alt text"
        class="image"
        src="/images/history/img-123.png"
      />
    </div>
    <div
      class="image-legend"
    >
      <div
        class="title"
      >
        An Amazing Photo
      </div>
      <div
        class="captions"
      >
        The French Photographer Doisneau
      </div>
      <div
        class="reference"
      >
        Where the photo is preserved
      </div>
    </div>
  </div>
</DocumentFragment>
`;
