// Jest Snapshot v1, https://goo.gl/fbAQLP

exports[`renders the component correctly 1`] = `
<DocumentFragment>
  <div
    class="notes"
  >
    <h3>
      How to cite this page
    </h3>
    <p>
      Anthony Byledbal, “My Awesome Article Title”, 
      <em>
        New Zealand Tunnellers Website
      </em>
      , 2023 (2009), Accessed: 4 May 2023. 
    </p>
  </div>
</DocumentFragment>
`;
