// Jest Snapshot v1, https://goo.gl/fbAQLP

exports[`renders the component correctly 1`] = `
<DocumentFragment>
  <div
    class="fullwidth-main-card"
  >
    Parents
  </div>
  <div
    class="halfwidth-cards-container"
  >
    <div
      class="halfwidth-secondary-card"
    >
      <div
        class="halfwidth-secondary-card-title"
      >
        <p>
          Mother
        </p>
      </div>
      <div>
        <span>
          Jane Doe
        </span>
      </div>
    </div>
    <div
      class="halfwidth-secondary-card"
    >
      <div
        class="halfwidth-secondary-card-title"
      >
        <p>
          Father
        </p>
      </div>
      <div>
        <span>
          John Doe
        </span>
      </div>
    </div>
  </div>
</DocumentFragment>
`;
