// Jest Snapshot v1, https://goo.gl/fbAQLP

exports[`renders the component correctly 1`] = `
<DocumentFragment>
  <div
    class="fullwidth-main-card"
  >
    <p>
      Settled in New Zealand
    </p>
    <span>
      1903
    </span>
  </div>
</DocumentFragment>
`;
