// Jest Snapshot v1, https://goo.gl/fbAQLP

exports[`renders roll when data is available 1`] = `
<DocumentFragment>
  <div
    class="menu "
  >
    <a
      aria-label="Go to the Homepage"
      class="logo"
      href="/"
    >
      <img
        alt=""
        src="/nzt_logo.png"
      />
    </a>
    <div
      class="search-form"
    >
      <form>
        <input
          id="search"
          name="search"
          placeholder="Search for a Tunneller"
          type="text"
        />
      </form>
      <button
        class="search-form-button"
        type="submit"
      >
        <img
          alt=""
          height="18"
          src="/searching_hover.png"
        />
      </button>
    </div>
  </div>
  <div
    class="container"
  >
    <div
      class="header"
    >
      <div
        class="main-title"
      >
        <h1>
          <span
            class="title-line-1"
          >
            The New Zealand
          </span>
          <span
            class="title-line-2"
          >
            Tunnellers
          </span>
        </h1>
      </div>
    </div>
    <div
      class="roll-container"
    >
      <div
        class="alphabet"
      >
        <button
          aria-label="Filter names by the letter D"
          class="letter"
          type="button"
        >
          D
        </button>
        <button
          aria-label="Filter names by the letter L"
          class="letter"
          type="button"
        >
          L
        </button>
        <button
          aria-label="Filter names by the letter R"
          class="letter"
          type="button"
        >
          R
        </button>
        <button
          aria-label="Remove the filter by name"
          class="letter"
          type="button"
        >
          All
        </button>
      </div>
      <div
        class="roll"
      >
        <div
          id="letter-D"
        >
          <div
            class="letter-container"
          >
            <h2
              aria-label="Letter D"
              class="title"
            >
              D
            </h2>
          </div>
          <div
            class="tunnellers-container"
          >
            <a
              href="/tunnellers/26"
            >
              <div
                class="tunneller"
              >
                <div>
                  <p
                    class="forename"
                  >
                    John
                  </p>
                  <p
                    class="surname"
                  >
                    Doe
                  </p>
                  <p
                    class="dates"
                  >
                    1886-1952
                  </p>
                </div>
                <div
                  class="arrow"
                >
                  →
                </div>
              </div>
            </a>
            <a
              href="/tunnellers/1"
            >
              <div
                class="tunneller"
              >
                <div>
                  <p
                    class="forename"
                  >
                    Alexander
                  </p>
                  <p
                    class="surname"
                  >
                    Driscott
                  </p>
                  <p
                    class="dates"
                  >
                    1886-1952
                  </p>
                </div>
                <div
                  class="arrow"
                >
                  →
                </div>
              </div>
            </a>
          </div>
        </div>
        <div
          id="letter-L"
        >
          <div
            class="letter-container"
          >
            <h2
              aria-label="Letter L"
              class="title"
            >
              L
            </h2>
          </div>
          <div
            class="tunnellers-container"
          >
            <a
              href="/tunnellers/2"
            >
              <div
                class="tunneller"
              >
                <div>
                  <p
                    class="forename"
                  >
                    Robert
                  </p>
                  <p
                    class="surname"
                  >
                    Lang
                  </p>
                  <p
                    class="dates"
                  >
                    1886-1952
                  </p>
                </div>
                <div
                  class="arrow"
                >
                  →
                </div>
              </div>
            </a>
          </div>
        </div>
        <div
          id="letter-R"
        >
          <div
            class="letter-container"
          >
            <h2
              aria-label="Letter R"
              class="title"
            >
              R
            </h2>
          </div>
          <div
            class="tunnellers-container"
          >
            <a
              href="/tunnellers/3"
            >
              <div
                class="tunneller"
              >
                <div>
                  <p
                    class="forename"
                  >
                    William
                  </p>
                  <p
                    class="surname"
                  >
                    Right
                  </p>
                  <p
                    class="dates"
                  >
                    1886-1952
                  </p>
                </div>
                <div
                  class="arrow"
                >
                  →
                </div>
              </div>
            </a>
          </div>
        </div>
      </div>
    </div>
  </div>
  <div
    class="footer"
  >
    <div
      class="map"
    >
      <div
        class="links"
      >
        <div
          class="map-link"
        >
          <a
            href="/#history"
          >
            History
          </a>
        </div>
        <div
          class="map-link"
        >
          <a
            href="/tunnellers"
          >
            Tunnellers
          </a>
        </div>
        <div
          class="map-link"
        >
          <a
            href="/about-us"
          >
            About Us
          </a>
        </div>
      </div>
      <button
        aria-label="Go back to the top of the page"
        class="scroll-top"
        type="button"
      >
        ↑
      </button>
    </div>
    <div
      class="support"
    >
      <div>
        <a
          aria-label="Go to The Artois University website"
          href="https://www.univ-artois.fr/artois-university"
        >
          <img
            alt="Artois University homepage"
            src="/images/support/logo-univ-artois-blanc_0.png"
          />
        </a>
      </div>
      <div>
        <a
          aria-label="Go to The Institute for Strategic Research website"
          href="https://www.irsem.fr/en/"
        >
          <img
            alt="Institute for Strategic Research homepage"
            src="/images/support/irsem-white.png"
          />
        </a>
      </div>
    </div>
  </div>
</DocumentFragment>
`;
