// Jest Snapshot v1, https://goo.gl/fbAQLP

exports[`renders the component correctly 1`] = `
<DocumentFragment>
  <div
    class="howtocite"
  >
    <h3>
      How to cite this page
    </h3>
    <p>
      Anthony Byledbal, “John Doe (1888-1975)“,
      <em>
         New Zealand Tunnellers Website
      </em>
      , 2023 (2009), Accessed: 4 May 2023. URL: www.nztunnellers.com/tunnellers/26.
    </p>
  </div>
</DocumentFragment>
`;
