// Jest Snapshot v1, https://goo.gl/fbAQLP

exports[`renders the component correctly 1`] = `
<DocumentFragment>
  <div
    class="paragraph"
  >
    <h2>
      Section Title
    </h2>
    <p>
      <span>
        Lorem ipsum dolor sit amet, consectetur adipiscing elit,sed do eiusmod tempor incididunt ut labore et dolore magna aliqua. Ut enim ad minim veniam, quis nostrud exercitation ullamco laboris nisi ut aliquip ex ea 
      </span>
      <em>
        commodo consequat
      </em>
      <span />
      <span>
        . Duis aute irure dolor in reprehenderit in voluptate velit esse cillum dolore eu fugiat nulla pariatur. Excepteur sint occaecat cupidatat non proident, sunt in culpa qui officia deserunt mollit anim id est laborum.
      </span>
    </p>
    <p>
      <span>
        Lorem ipsum dolor sit amet, consectetur adipiscing elit,sed do eiusmod tempor incididunt ut labore et dolore magna aliqua. Ut enim ad minim veniam, quis nostrud exercitation ullamco laboris nisi ut aliquip ex ea commodo consequat
      </span>
      <span />
      <a
        href="#footnote_1"
        id="reference_1"
      >
        [1.]
      </a>
      <span>
        . Duis aute irure dolor in reprehenderit in voluptate velit esse cillum dolore eu fugiat nulla pariatur.
      </span>
    </p>
    <p>
      <span>
        (6Â July 2023)
      </span>
    </p>
    <p>
      <span />
      <span />
      <a
        href="#reference_1"
        id="footnote_1"
      >
        1.
      </a>
      <span>
         Excepteur sint occaecat cupidatat non proident, sunt in culpa qui officia deserunt mollit anim id est laborum.
      </span>
    </p>
  </div>
</DocumentFragment>
`;
